#-----------------------------------------------------------
# Vivado v2024.1 (64-bit)
# SW Build 5076996 on Wed May 22 18:37:14 MDT 2024
# IP Build 5075265 on Wed May 22 21:45:21 MDT 2024
# SharedData Build 5076995 on Wed May 22 18:29:18 MDT 2024
# Start of session at: Tue Nov 26 20:14:53 2024
# Process ID: 18816
# Current directory: F:/AI/project_3/project_3.runs/fir_compiler_0_synth_1
# Command line: vivado.exe -log fir_compiler_0.vds -product Vivado -mode batch -messageDb vivado.pb -notrace -source fir_compiler_0.tcl
# Log file: F:/AI/project_3/project_3.runs/fir_compiler_0_synth_1/fir_compiler_0.vds
# Journal file: F:/AI/project_3/project_3.runs/fir_compiler_0_synth_1\vivado.jou
# Running On        :DESKTOP-BMP2RL6
# Platform          :Windows Server 2016 or Windows 10
# Operating System  :19045
# Processor Detail  :11th Gen Intel(R) Core(TM) i5-1135G7 @ 2.40GHz
# CPU Frequency     :2419 MHz
# CPU Physical cores:4
# CPU Logical cores :8
# Host memory       :16969 MB
# Swap memory       :6979 MB
# Total Virtual     :23948 MB
# Available Virtual :2450 MB
#-----------------------------------------------------------
source fir_compiler_0.tcl -notrace
